[0.691s] [34mcolcon[0m [1;30mDEBUG[0m [32mCommand line arguments: ['/usr/bin/colcon', 'build', '--symlink-install', '--cmake-args', '-DCMAKE_BUILD_TYPE=Release'][0m
[0.692s] [34mcolcon[0m [1;30mDEBUG[0m [32mParsed command line arguments: Namespace(log_base=None, log_level=None, verb_name='build', build_base='build', install_base='install', merge_install=False, symlink_install=True, test_result_base=None, continue_on_error=False, executor='parallel', parallel_workers=6, event_handlers=None, ignore_user_meta=False, metas=['./colcon.meta'], base_paths=['.'], packages_ignore=None, packages_ignore_regex=None, paths=None, packages_up_to=None, packages_up_to_regex=None, packages_above=None, packages_above_and_dependencies=None, packages_above_depth=None, packages_select_by_dep=None, packages_skip_by_dep=None, packages_skip_up_to=None, packages_select_build_failed=False, packages_skip_build_finished=False, packages_select_test_failures=False, packages_skip_test_passed=False, packages_select=None, packages_skip=None, packages_select_regex=None, packages_skip_regex=None, packages_start=None, packages_end=None, allow_overriding=[], cmake_args=['-DCMAKE_BUILD_TYPE=Release'], cmake_target=None, cmake_target_skip_unavailable=False, cmake_clean_cache=False, cmake_clean_first=False, cmake_force_configure=False, ament_cmake_args=None, catkin_cmake_args=None, catkin_skip_building_tests=False, mixin_files=None, mixin=None, verb_parser=<colcon_mixin.mixin.mixin_argument.MixinArgumentDecorator object at 0xffff802f9390>, verb_extension=<colcon_core.verb.build.BuildVerb object at 0xffff802f8670>, main=<bound method BuildVerb.main of <colcon_core.verb.build.BuildVerb object at 0xffff802f8670>>, mixin_verb=('build',))[0m
[0.836s] [34mcolcon.colcon_core.package_discovery[0m [1;30mLevel 1[0m discover_packages(colcon_meta) check parameters
[0.837s] [34mcolcon.colcon_core.package_discovery[0m [1;30mLevel 1[0m discover_packages(recursive) check parameters
[0.837s] [34mcolcon.colcon_core.package_discovery[0m [1;30mLevel 1[0m discover_packages(ignore) check parameters
[0.837s] [34mcolcon.colcon_core.package_discovery[0m [1;30mLevel 1[0m discover_packages(path) check parameters
[0.837s] [34mcolcon.colcon_core.package_discovery[0m [1;30mLevel 1[0m discover_packages(colcon_meta) discover
[0.837s] [34mcolcon.colcon_core.package_discovery[0m [1;30mLevel 1[0m discover_packages(recursive) discover
[0.837s] [34mcolcon.colcon_core.package_discovery[0m [1;30mINFO[0m Crawling recursively for packages in '/home/jetson/ws/orb-slam2/code/ros2_orbslam2_pointcloud_map'
[0.838s] [34mcolcon.colcon_core.package_identification[0m [1;30mLevel 1[0m _identify(.) by extensions ['ignore', 'ignore_ament_install']
[0.838s] [34mcolcon.colcon_core.package_identification[0m [1;30mLevel 1[0m _identify(.) by extension 'ignore'
[0.839s] [34mcolcon.colcon_core.package_identification[0m [1;30mLevel 1[0m _identify(.) by extension 'ignore_ament_install'
[0.839s] [34mcolcon.colcon_core.package_identification[0m [1;30mLevel 1[0m _identify(.) by extensions ['colcon_pkg']
[0.839s] [34mcolcon.colcon_core.package_identification[0m [1;30mLevel 1[0m _identify(.) by extension 'colcon_pkg'
[0.839s] [34mcolcon.colcon_core.package_identification[0m [1;30mLevel 1[0m _identify(.) by extensions ['colcon_meta']
[0.839s] [34mcolcon.colcon_core.package_identification[0m [1;30mLevel 1[0m _identify(.) by extension 'colcon_meta'
[0.839s] [34mcolcon.colcon_core.package_identification[0m [1;30mLevel 1[0m _identify(.) by extensions ['ros']
[0.839s] [34mcolcon.colcon_core.package_identification[0m [1;30mLevel 1[0m _identify(.) by extension 'ros'
[0.884s] [34mcolcon.colcon_core.package_identification[0m [1;30mLevel 1[0m _identify(.) by extensions ['cmake', 'python']
[0.884s] [34mcolcon.colcon_core.package_identification[0m [1;30mLevel 1[0m _identify(.) by extension 'cmake'
[0.885s] [34mcolcon.colcon_core.package_identification[0m [1;30mLevel 1[0m _identify(.) by extension 'python'
[0.885s] [34mcolcon.colcon_core.package_identification[0m [1;30mLevel 1[0m _identify(.) by extensions ['python_setup_py']
[0.885s] [34mcolcon.colcon_core.package_identification[0m [1;30mLevel 1[0m _identify(.) by extension 'python_setup_py'
[0.886s] [34mcolcon.colcon_core.package_identification[0m [1;30mLevel 1[0m _identify(Log) by extensions ['ignore', 'ignore_ament_install']
[0.886s] [34mcolcon.colcon_core.package_identification[0m [1;30mLevel 1[0m _identify(Log) by extension 'ignore'
[0.886s] [34mcolcon.colcon_core.package_identification[0m [1;30mLevel 1[0m _identify(Log) by extension 'ignore_ament_install'
[0.886s] [34mcolcon.colcon_core.package_identification[0m [1;30mLevel 1[0m _identify(Log) by extensions ['colcon_pkg']
[0.886s] [34mcolcon.colcon_core.package_identification[0m [1;30mLevel 1[0m _identify(Log) by extension 'colcon_pkg'
[0.886s] [34mcolcon.colcon_core.package_identification[0m [1;30mLevel 1[0m _identify(Log) by extensions ['colcon_meta']
[0.886s] [34mcolcon.colcon_core.package_identification[0m [1;30mLevel 1[0m _identify(Log) by extension 'colcon_meta'
[0.886s] [34mcolcon.colcon_core.package_identification[0m [1;30mLevel 1[0m _identify(Log) by extensions ['ros']
[0.886s] [34mcolcon.colcon_core.package_identification[0m [1;30mLevel 1[0m _identify(Log) by extension 'ros'
[0.887s] [34mcolcon.colcon_core.package_identification[0m [1;30mLevel 1[0m _identify(Log) by extensions ['cmake', 'python']
[0.887s] [34mcolcon.colcon_core.package_identification[0m [1;30mLevel 1[0m _identify(Log) by extension 'cmake'
[0.887s] [34mcolcon.colcon_core.package_identification[0m [1;30mLevel 1[0m _identify(Log) by extension 'python'
[0.887s] [34mcolcon.colcon_core.package_identification[0m [1;30mLevel 1[0m _identify(Log) by extensions ['python_setup_py']
[0.887s] [34mcolcon.colcon_core.package_identification[0m [1;30mLevel 1[0m _identify(Log) by extension 'python_setup_py'
[0.887s] [34mcolcon.colcon_core.package_identification[0m [1;30mLevel 1[0m _identify(build) by extensions ['ignore', 'ignore_ament_install']
[0.887s] [34mcolcon.colcon_core.package_identification[0m [1;30mLevel 1[0m _identify(build) by extension 'ignore'
[0.887s] [34mcolcon.colcon_core.package_identification[0m [1;30mLevel 1[0m _identify(build) ignored
[0.888s] [34mcolcon.colcon_core.package_identification[0m [1;30mLevel 1[0m _identify(docs) by extensions ['ignore', 'ignore_ament_install']
[0.889s] [34mcolcon.colcon_core.package_identification[0m [1;30mLevel 1[0m _identify(docs) by extension 'ignore'
[0.889s] [34mcolcon.colcon_core.package_identification[0m [1;30mLevel 1[0m _identify(docs) by extension 'ignore_ament_install'
[0.889s] [34mcolcon.colcon_core.package_identification[0m [1;30mLevel 1[0m _identify(docs) by extensions ['colcon_pkg']
[0.889s] [34mcolcon.colcon_core.package_identification[0m [1;30mLevel 1[0m _identify(docs) by extension 'colcon_pkg'
[0.889s] [34mcolcon.colcon_core.package_identification[0m [1;30mLevel 1[0m _identify(docs) by extensions ['colcon_meta']
[0.889s] [34mcolcon.colcon_core.package_identification[0m [1;30mLevel 1[0m _identify(docs) by extension 'colcon_meta'
[0.889s] [34mcolcon.colcon_core.package_identification[0m [1;30mLevel 1[0m _identify(docs) by extensions ['ros']
[0.889s] [34mcolcon.colcon_core.package_identification[0m [1;30mLevel 1[0m _identify(docs) by extension 'ros'
[0.889s] [34mcolcon.colcon_core.package_identification[0m [1;30mLevel 1[0m _identify(docs) by extensions ['cmake', 'python']
[0.889s] [34mcolcon.colcon_core.package_identification[0m [1;30mLevel 1[0m _identify(docs) by extension 'cmake'
[0.890s] [34mcolcon.colcon_core.package_identification[0m [1;30mLevel 1[0m _identify(docs) by extension 'python'
[0.890s] [34mcolcon.colcon_core.package_identification[0m [1;30mLevel 1[0m _identify(docs) by extensions ['python_setup_py']
[0.890s] [34mcolcon.colcon_core.package_identification[0m [1;30mLevel 1[0m _identify(docs) by extension 'python_setup_py'
[0.890s] [34mcolcon.colcon_core.package_identification[0m [1;30mLevel 1[0m _identify(install) by extensions ['ignore', 'ignore_ament_install']
[0.890s] [34mcolcon.colcon_core.package_identification[0m [1;30mLevel 1[0m _identify(install) by extension 'ignore'
[0.890s] [34mcolcon.colcon_core.package_identification[0m [1;30mLevel 1[0m _identify(install) ignored
[0.890s] [34mcolcon.colcon_core.package_identification[0m [1;30mLevel 1[0m _identify(log) by extensions ['ignore', 'ignore_ament_install']
[0.891s] [34mcolcon.colcon_core.package_identification[0m [1;30mLevel 1[0m _identify(log) by extension 'ignore'
[0.891s] [34mcolcon.colcon_core.package_identification[0m [1;30mLevel 1[0m _identify(log) ignored
[0.891s] [34mcolcon.colcon_core.package_identification[0m [1;30mLevel 1[0m _identify(scripts) by extensions ['ignore', 'ignore_ament_install']
[0.891s] [34mcolcon.colcon_core.package_identification[0m [1;30mLevel 1[0m _identify(scripts) by extension 'ignore'
[0.891s] [34mcolcon.colcon_core.package_identification[0m [1;30mLevel 1[0m _identify(scripts) by extension 'ignore_ament_install'
[0.891s] [34mcolcon.colcon_core.package_identification[0m [1;30mLevel 1[0m _identify(scripts) by extensions ['colcon_pkg']
[0.891s] [34mcolcon.colcon_core.package_identification[0m [1;30mLevel 1[0m _identify(scripts) by extension 'colcon_pkg'
[0.891s] [34mcolcon.colcon_core.package_identification[0m [1;30mLevel 1[0m _identify(scripts) by extensions ['colcon_meta']
[0.891s] [34mcolcon.colcon_core.package_identification[0m [1;30mLevel 1[0m _identify(scripts) by extension 'colcon_meta'
[0.892s] [34mcolcon.colcon_core.package_identification[0m [1;30mLevel 1[0m _identify(scripts) by extensions ['ros']
[0.892s] [34mcolcon.colcon_core.package_identification[0m [1;30mLevel 1[0m _identify(scripts) by extension 'ros'
[0.892s] [34mcolcon.colcon_core.package_identification[0m [1;30mLevel 1[0m _identify(scripts) by extensions ['cmake', 'python']
[0.892s] [34mcolcon.colcon_core.package_identification[0m [1;30mLevel 1[0m _identify(scripts) by extension 'cmake'
[0.892s] [34mcolcon.colcon_core.package_identification[0m [1;30mLevel 1[0m _identify(scripts) by extension 'python'
[0.892s] [34mcolcon.colcon_core.package_identification[0m [1;30mLevel 1[0m _identify(scripts) by extensions ['python_setup_py']
[0.892s] [34mcolcon.colcon_core.package_identification[0m [1;30mLevel 1[0m _identify(scripts) by extension 'python_setup_py'
[0.893s] [34mcolcon.colcon_core.package_identification[0m [1;30mLevel 1[0m _identify(src) by extensions ['ignore', 'ignore_ament_install']
[0.893s] [34mcolcon.colcon_core.package_identification[0m [1;30mLevel 1[0m _identify(src) by extension 'ignore'
[0.893s] [34mcolcon.colcon_core.package_identification[0m [1;30mLevel 1[0m _identify(src) by extension 'ignore_ament_install'
[0.893s] [34mcolcon.colcon_core.package_identification[0m [1;30mLevel 1[0m _identify(src) by extensions ['colcon_pkg']
[0.893s] [34mcolcon.colcon_core.package_identification[0m [1;30mLevel 1[0m _identify(src) by extension 'colcon_pkg'
[0.893s] [34mcolcon.colcon_core.package_identification[0m [1;30mLevel 1[0m _identify(src) by extensions ['colcon_meta']
[0.893s] [34mcolcon.colcon_core.package_identification[0m [1;30mLevel 1[0m _identify(src) by extension 'colcon_meta'
[0.893s] [34mcolcon.colcon_core.package_identification[0m [1;30mLevel 1[0m _identify(src) by extensions ['ros']
[0.893s] [34mcolcon.colcon_core.package_identification[0m [1;30mLevel 1[0m _identify(src) by extension 'ros'
[0.894s] [34mcolcon.colcon_core.package_identification[0m [1;30mLevel 1[0m _identify(src) by extensions ['cmake', 'python']
[0.894s] [34mcolcon.colcon_core.package_identification[0m [1;30mLevel 1[0m _identify(src) by extension 'cmake'
[0.894s] [34mcolcon.colcon_core.package_identification[0m [1;30mLevel 1[0m _identify(src) by extension 'python'
[0.894s] [34mcolcon.colcon_core.package_identification[0m [1;30mLevel 1[0m _identify(src) by extensions ['python_setup_py']
[0.894s] [34mcolcon.colcon_core.package_identification[0m [1;30mLevel 1[0m _identify(src) by extension 'python_setup_py'
[0.895s] [34mcolcon.colcon_core.package_identification[0m [1;30mLevel 1[0m _identify(src/orbslam2_pointcloud_ros2) by extensions ['ignore', 'ignore_ament_install']
[0.895s] [34mcolcon.colcon_core.package_identification[0m [1;30mLevel 1[0m _identify(src/orbslam2_pointcloud_ros2) by extension 'ignore'
[0.895s] [34mcolcon.colcon_core.package_identification[0m [1;30mLevel 1[0m _identify(src/orbslam2_pointcloud_ros2) by extension 'ignore_ament_install'
[0.895s] [34mcolcon.colcon_core.package_identification[0m [1;30mLevel 1[0m _identify(src/orbslam2_pointcloud_ros2) by extensions ['colcon_pkg']
[0.895s] [34mcolcon.colcon_core.package_identification[0m [1;30mLevel 1[0m _identify(src/orbslam2_pointcloud_ros2) by extension 'colcon_pkg'
[0.895s] [34mcolcon.colcon_core.package_identification[0m [1;30mLevel 1[0m _identify(src/orbslam2_pointcloud_ros2) by extensions ['colcon_meta']
[0.895s] [34mcolcon.colcon_core.package_identification[0m [1;30mLevel 1[0m _identify(src/orbslam2_pointcloud_ros2) by extension 'colcon_meta'
[0.895s] [34mcolcon.colcon_core.package_identification[0m [1;30mLevel 1[0m _identify(src/orbslam2_pointcloud_ros2) by extensions ['ros']
[0.895s] [34mcolcon.colcon_core.package_identification[0m [1;30mLevel 1[0m _identify(src/orbslam2_pointcloud_ros2) by extension 'ros'
[0.903s] [34mcolcon.colcon_core.package_identification[0m [1;30mDEBUG[0m [32mPackage 'src/orbslam2_pointcloud_ros2' with type 'ros.ament_cmake' and name 'orbslam2_pointcloud_ros2'[0m
[0.904s] [34mcolcon.colcon_core.package_identification[0m [1;30mLevel 1[0m _identify(~) by extensions ['ignore', 'ignore_ament_install']
[0.904s] [34mcolcon.colcon_core.package_identification[0m [1;30mLevel 1[0m _identify(~) by extension 'ignore'
[0.904s] [34mcolcon.colcon_core.package_identification[0m [1;30mLevel 1[0m _identify(~) by extension 'ignore_ament_install'
[0.904s] [34mcolcon.colcon_core.package_identification[0m [1;30mLevel 1[0m _identify(~) by extensions ['colcon_pkg']
[0.904s] [34mcolcon.colcon_core.package_identification[0m [1;30mLevel 1[0m _identify(~) by extension 'colcon_pkg'
[0.905s] [34mcolcon.colcon_core.package_identification[0m [1;30mLevel 1[0m _identify(~) by extensions ['colcon_meta']
[0.905s] [34mcolcon.colcon_core.package_identification[0m [1;30mLevel 1[0m _identify(~) by extension 'colcon_meta'
[0.905s] [34mcolcon.colcon_core.package_identification[0m [1;30mLevel 1[0m _identify(~) by extensions ['ros']
[0.905s] [34mcolcon.colcon_core.package_identification[0m [1;30mLevel 1[0m _identify(~) by extension 'ros'
[0.905s] [34mcolcon.colcon_core.package_identification[0m [1;30mLevel 1[0m _identify(~) by extensions ['cmake', 'python']
[0.905s] [34mcolcon.colcon_core.package_identification[0m [1;30mLevel 1[0m _identify(~) by extension 'cmake'
[0.905s] [34mcolcon.colcon_core.package_identification[0m [1;30mLevel 1[0m _identify(~) by extension 'python'
[0.905s] [34mcolcon.colcon_core.package_identification[0m [1;30mLevel 1[0m _identify(~) by extensions ['python_setup_py']
[0.907s] [34mcolcon.colcon_core.package_identification[0m [1;30mLevel 1[0m _identify(~) by extension 'python_setup_py'
[0.908s] [34mcolcon.colcon_core.package_identification[0m [1;30mLevel 1[0m _identify(~/ws) by extensions ['ignore', 'ignore_ament_install']
[0.908s] [34mcolcon.colcon_core.package_identification[0m [1;30mLevel 1[0m _identify(~/ws) by extension 'ignore'
[0.908s] [34mcolcon.colcon_core.package_identification[0m [1;30mLevel 1[0m _identify(~/ws) by extension 'ignore_ament_install'
[0.908s] [34mcolcon.colcon_core.package_identification[0m [1;30mLevel 1[0m _identify(~/ws) by extensions ['colcon_pkg']
[0.909s] [34mcolcon.colcon_core.package_identification[0m [1;30mLevel 1[0m _identify(~/ws) by extension 'colcon_pkg'
[0.909s] [34mcolcon.colcon_core.package_identification[0m [1;30mLevel 1[0m _identify(~/ws) by extensions ['colcon_meta']
[0.909s] [34mcolcon.colcon_core.package_identification[0m [1;30mLevel 1[0m _identify(~/ws) by extension 'colcon_meta'
[0.909s] [34mcolcon.colcon_core.package_identification[0m [1;30mLevel 1[0m _identify(~/ws) by extensions ['ros']
[0.909s] [34mcolcon.colcon_core.package_identification[0m [1;30mLevel 1[0m _identify(~/ws) by extension 'ros'
[0.909s] [34mcolcon.colcon_core.package_identification[0m [1;30mLevel 1[0m _identify(~/ws) by extensions ['cmake', 'python']
[0.909s] [34mcolcon.colcon_core.package_identification[0m [1;30mLevel 1[0m _identify(~/ws) by extension 'cmake'
[0.909s] [34mcolcon.colcon_core.package_identification[0m [1;30mLevel 1[0m _identify(~/ws) by extension 'python'
[0.909s] [34mcolcon.colcon_core.package_identification[0m [1;30mLevel 1[0m _identify(~/ws) by extensions ['python_setup_py']
[0.909s] [34mcolcon.colcon_core.package_identification[0m [1;30mLevel 1[0m _identify(~/ws) by extension 'python_setup_py'
[0.910s] [34mcolcon.colcon_core.package_identification[0m [1;30mLevel 1[0m _identify(~/ws/orb-slam2) by extensions ['ignore', 'ignore_ament_install']
[0.910s] [34mcolcon.colcon_core.package_identification[0m [1;30mLevel 1[0m _identify(~/ws/orb-slam2) by extension 'ignore'
[0.910s] [34mcolcon.colcon_core.package_identification[0m [1;30mLevel 1[0m _identify(~/ws/orb-slam2) by extension 'ignore_ament_install'
[0.910s] [34mcolcon.colcon_core.package_identification[0m [1;30mLevel 1[0m _identify(~/ws/orb-slam2) by extensions ['colcon_pkg']
[0.910s] [34mcolcon.colcon_core.package_identification[0m [1;30mLevel 1[0m _identify(~/ws/orb-slam2) by extension 'colcon_pkg'
[0.911s] [34mcolcon.colcon_core.package_identification[0m [1;30mLevel 1[0m _identify(~/ws/orb-slam2) by extensions ['colcon_meta']
[0.911s] [34mcolcon.colcon_core.package_identification[0m [1;30mLevel 1[0m _identify(~/ws/orb-slam2) by extension 'colcon_meta'
[0.911s] [34mcolcon.colcon_core.package_identification[0m [1;30mLevel 1[0m _identify(~/ws/orb-slam2) by extensions ['ros']
[0.911s] [34mcolcon.colcon_core.package_identification[0m [1;30mLevel 1[0m _identify(~/ws/orb-slam2) by extension 'ros'
[0.911s] [34mcolcon.colcon_core.package_identification[0m [1;30mLevel 1[0m _identify(~/ws/orb-slam2) by extensions ['cmake', 'python']
[0.911s] [34mcolcon.colcon_core.package_identification[0m [1;30mLevel 1[0m _identify(~/ws/orb-slam2) by extension 'cmake'
[0.911s] [34mcolcon.colcon_core.package_identification[0m [1;30mLevel 1[0m _identify(~/ws/orb-slam2) by extension 'python'
[0.911s] [34mcolcon.colcon_core.package_identification[0m [1;30mLevel 1[0m _identify(~/ws/orb-slam2) by extensions ['python_setup_py']
[0.911s] [34mcolcon.colcon_core.package_identification[0m [1;30mLevel 1[0m _identify(~/ws/orb-slam2) by extension 'python_setup_py'
[0.912s] [34mcolcon.colcon_core.package_identification[0m [1;30mLevel 1[0m _identify(~/ws/orb-slam2/results) by extensions ['ignore', 'ignore_ament_install']
[0.912s] [34mcolcon.colcon_core.package_identification[0m [1;30mLevel 1[0m _identify(~/ws/orb-slam2/results) by extension 'ignore'
[0.912s] [34mcolcon.colcon_core.package_identification[0m [1;30mLevel 1[0m _identify(~/ws/orb-slam2/results) by extension 'ignore_ament_install'
[0.912s] [34mcolcon.colcon_core.package_identification[0m [1;30mLevel 1[0m _identify(~/ws/orb-slam2/results) by extensions ['colcon_pkg']
[0.912s] [34mcolcon.colcon_core.package_identification[0m [1;30mLevel 1[0m _identify(~/ws/orb-slam2/results) by extension 'colcon_pkg'
[0.913s] [34mcolcon.colcon_core.package_identification[0m [1;30mLevel 1[0m _identify(~/ws/orb-slam2/results) by extensions ['colcon_meta']
[0.913s] [34mcolcon.colcon_core.package_identification[0m [1;30mLevel 1[0m _identify(~/ws/orb-slam2/results) by extension 'colcon_meta'
[0.913s] [34mcolcon.colcon_core.package_identification[0m [1;30mLevel 1[0m _identify(~/ws/orb-slam2/results) by extensions ['ros']
[0.913s] [34mcolcon.colcon_core.package_identification[0m [1;30mLevel 1[0m _identify(~/ws/orb-slam2/results) by extension 'ros'
[0.913s] [34mcolcon.colcon_core.package_identification[0m [1;30mLevel 1[0m _identify(~/ws/orb-slam2/results) by extensions ['cmake', 'python']
[0.913s] [34mcolcon.colcon_core.package_identification[0m [1;30mLevel 1[0m _identify(~/ws/orb-slam2/results) by extension 'cmake'
[0.913s] [34mcolcon.colcon_core.package_identification[0m [1;30mLevel 1[0m _identify(~/ws/orb-slam2/results) by extension 'python'
[0.913s] [34mcolcon.colcon_core.package_identification[0m [1;30mLevel 1[0m _identify(~/ws/orb-slam2/results) by extensions ['python_setup_py']
[0.913s] [34mcolcon.colcon_core.package_identification[0m [1;30mLevel 1[0m _identify(~/ws/orb-slam2/results) by extension 'python_setup_py'
[0.913s] [34mcolcon.colcon_core.package_discovery[0m [1;30mLevel 1[0m discover_packages(recursive) using defaults
[0.914s] [34mcolcon.colcon_core.package_discovery[0m [1;30mLevel 1[0m discover_packages(ignore) discover
[0.914s] [34mcolcon.colcon_core.package_discovery[0m [1;30mLevel 1[0m discover_packages(ignore) using defaults
[0.914s] [34mcolcon.colcon_core.package_discovery[0m [1;30mLevel 1[0m discover_packages(path) discover
[0.914s] [34mcolcon.colcon_core.package_discovery[0m [1;30mLevel 1[0m discover_packages(path) using defaults
[0.967s] [34mcolcon.colcon_core.package_discovery[0m [1;30mLevel 1[0m discover_packages(prefix_path) check parameters
[0.967s] [34mcolcon.colcon_core.package_discovery[0m [1;30mLevel 1[0m discover_packages(prefix_path) discover
[0.972s] [34mcolcon.colcon_ros.prefix_path.ament[0m [1;30mWARNING[0m [33mThe path '/home/jetson/ws/orb-slam2/code/ros2_orbslam2_pointcloud_map/install/orbslam2_pointcloud_ros2' in the environment variable AMENT_PREFIX_PATH doesn't exist[0m
[0.982s] [34mcolcon.colcon_ros.prefix_path.catkin[0m [1;30mWARNING[0m [33mThe path '/home/jetson/ws/orb-slam2/code/ros2_orbslam2_pointcloud_map/install/orbslam2_pointcloud_ros2' in the environment variable CMAKE_PREFIX_PATH doesn't exist[0m
[0.985s] [34mcolcon.colcon_installed_package_information.package_discovery[0m [1;30mDEBUG[0m [32mFound 0 installed packages in /home/jetson/ws/orb-slam2/code/ros2_orbslam2_pointcloud_map/install[0m
[1.012s] [34mcolcon.colcon_installed_package_information.package_discovery[0m [1;30mDEBUG[0m [32mFound 22 installed packages in /home/jetson/yahboomcar_ros2_ws/yahboomcar_ws/install[0m
[1.028s] [34mcolcon.colcon_installed_package_information.package_discovery[0m [1;30mDEBUG[0m [32mFound 16 installed packages in /home/jetson/yahboomcar_ros2_ws/software/library_ws/install[0m
[1.031s] [34mcolcon.colcon_installed_package_information.package_discovery[0m [1;30mDEBUG[0m [32mFound 380 installed packages in /opt/ros/humble[0m
[1.036s] [34mcolcon.colcon_core.package_discovery[0m [1;30mLevel 1[0m discover_packages(prefix_path) using defaults
[1.223s] [34mcolcon.colcon_core.verb[0m [1;30mLevel 5[0m set package 'orbslam2_pointcloud_ros2' build argument 'cmake_args' from command line to '['-DCMAKE_BUILD_TYPE=Release']'
[1.223s] [34mcolcon.colcon_core.verb[0m [1;30mLevel 5[0m set package 'orbslam2_pointcloud_ros2' build argument 'cmake_target' from command line to 'None'
[1.223s] [34mcolcon.colcon_core.verb[0m [1;30mLevel 5[0m set package 'orbslam2_pointcloud_ros2' build argument 'cmake_target_skip_unavailable' from command line to 'False'
[1.224s] [34mcolcon.colcon_core.verb[0m [1;30mLevel 5[0m set package 'orbslam2_pointcloud_ros2' build argument 'cmake_clean_cache' from command line to 'False'
[1.224s] [34mcolcon.colcon_core.verb[0m [1;30mLevel 5[0m set package 'orbslam2_pointcloud_ros2' build argument 'cmake_clean_first' from command line to 'False'
[1.224s] [34mcolcon.colcon_core.verb[0m [1;30mLevel 5[0m set package 'orbslam2_pointcloud_ros2' build argument 'cmake_force_configure' from command line to 'False'
[1.224s] [34mcolcon.colcon_core.verb[0m [1;30mLevel 5[0m set package 'orbslam2_pointcloud_ros2' build argument 'ament_cmake_args' from command line to 'None'
[1.224s] [34mcolcon.colcon_core.verb[0m [1;30mLevel 5[0m set package 'orbslam2_pointcloud_ros2' build argument 'catkin_cmake_args' from command line to 'None'
[1.224s] [34mcolcon.colcon_core.verb[0m [1;30mLevel 5[0m set package 'orbslam2_pointcloud_ros2' build argument 'catkin_skip_building_tests' from command line to 'False'
[1.224s] [34mcolcon.colcon_core.verb[0m [1;30mDEBUG[0m [32mBuilding package 'orbslam2_pointcloud_ros2' with the following arguments: {'ament_cmake_args': None, 'build_base': '/home/jetson/ws/orb-slam2/code/ros2_orbslam2_pointcloud_map/build/orbslam2_pointcloud_ros2', 'catkin_cmake_args': None, 'catkin_skip_building_tests': False, 'cmake_args': ['-DCMAKE_BUILD_TYPE=Release'], 'cmake_clean_cache': False, 'cmake_clean_first': False, 'cmake_force_configure': False, 'cmake_target': None, 'cmake_target_skip_unavailable': False, 'install_base': '/home/jetson/ws/orb-slam2/code/ros2_orbslam2_pointcloud_map/install/orbslam2_pointcloud_ros2', 'merge_install': False, 'path': '/home/jetson/ws/orb-slam2/code/ros2_orbslam2_pointcloud_map/src/orbslam2_pointcloud_ros2', 'symlink_install': True, 'test_result_base': None}[0m
[1.224s] [34mcolcon.colcon_core.executor[0m [1;30mINFO[0m Executing jobs using 'parallel' executor
[1.227s] [34mcolcon.colcon_parallel_executor.executor.parallel[0m [1;30mDEBUG[0m [32mrun_until_complete[0m
[1.227s] [34mcolcon.colcon_ros.task.ament_cmake.build[0m [1;30mINFO[0m Building ROS package in '/home/jetson/ws/orb-slam2/code/ros2_orbslam2_pointcloud_map/src/orbslam2_pointcloud_ros2' with build type 'ament_cmake'
[1.228s] [34mcolcon.colcon_cmake.task.cmake.build[0m [1;30mINFO[0m Building CMake package in '/home/jetson/ws/orb-slam2/code/ros2_orbslam2_pointcloud_map/src/orbslam2_pointcloud_ros2'
[1.239s] [34mcolcon.colcon_core.plugin_system[0m [1;30mINFO[0m Skipping extension 'colcon_core.shell.bat': Not used on non-Windows systems
[1.239s] [34mcolcon.colcon_core.shell[0m [1;30mINFO[0m Skip shell extension 'powershell' for command environment: Not usable outside of PowerShell
[1.240s] [34mcolcon.colcon_core.shell[0m [1;30mDEBUG[0m [32mSkip shell extension 'dsv' for command environment[0m
[1.262s] [34mcolcon.colcon_core.event_handler.log_command[0m [1;30mDEBUG[0m [32mInvoking command in '/home/jetson/ws/orb-slam2/code/ros2_orbslam2_pointcloud_map/build/orbslam2_pointcloud_ros2': CMAKE_PREFIX_PATH=${CMAKE_PREFIX_PATH}:/home/jetson/yahboomcar_ros2_ws/yahboomcar_ws/install/yahboomcar_voice_ctrl:/home/jetson/yahboomcar_ros2_ws/yahboomcar_ws/install/yahboomcar_visual:/home/jetson/yahboomcar_ros2_ws/yahboomcar_ws/install/yahboomcar_rviz:/home/jetson/yahboomcar_ros2_ws/yahboomcar_ws/install/yahboomcar_nav:/home/jetson/yahboomcar_ros2_ws/yahboomcar_ws/install/yahboomcar_multi:/home/jetson/yahboomcar_ros2_ws/yahboomcar_ws/install/yahboomcar_mediapipe:/home/jetson/yahboomcar_ros2_ws/yahboomcar_ws/install/yahboomcar_linefollow:/home/jetson/yahboomcar_ros2_ws/yahboomcar_ws/install/yahboomcar_laser:/home/jetson/yahboomcar_ros2_ws/yahboomcar_ws/install/yahboomcar_description_x1:/home/jetson/yahboomcar_ros2_ws/yahboomcar_ws/install/yahboomcar_description:/home/jetson/yahboomcar_ros2_ws/yahboomcar_ws/install/yahboomcar_ctrl:/home/jetson/yahboomcar_ros2_ws/yahboomcar_ws/install/yahboomcar_bringup:/home/jetson/yahboomcar_ros2_ws/yahboomcar_ws/install/yahboomcar_astra:/home/jetson/yahboomcar_ros2_ws/yahboomcar_ws/install/yahboom_app_save_map:/home/jetson/yahboomcar_ros2_ws/yahboomcar_ws/install/laserscan_to_point_pulisher:/opt/ros/humble /usr/bin/cmake /home/jetson/ws/orb-slam2/code/ros2_orbslam2_pointcloud_map/src/orbslam2_pointcloud_ros2 -DCMAKE_BUILD_TYPE=Release -DAMENT_CMAKE_SYMLINK_INSTALL=1 -DCMAKE_INSTALL_PREFIX=/home/jetson/ws/orb-slam2/code/ros2_orbslam2_pointcloud_map/install/orbslam2_pointcloud_ros2[0m
[10.034s] [34mcolcon.colcon_core.event_handler.log_command[0m [1;30mDEBUG[0m [32mInvoked command in '/home/jetson/ws/orb-slam2/code/ros2_orbslam2_pointcloud_map/build/orbslam2_pointcloud_ros2' returned '0': CMAKE_PREFIX_PATH=${CMAKE_PREFIX_PATH}:/home/jetson/yahboomcar_ros2_ws/yahboomcar_ws/install/yahboomcar_voice_ctrl:/home/jetson/yahboomcar_ros2_ws/yahboomcar_ws/install/yahboomcar_visual:/home/jetson/yahboomcar_ros2_ws/yahboomcar_ws/install/yahboomcar_rviz:/home/jetson/yahboomcar_ros2_ws/yahboomcar_ws/install/yahboomcar_nav:/home/jetson/yahboomcar_ros2_ws/yahboomcar_ws/install/yahboomcar_multi:/home/jetson/yahboomcar_ros2_ws/yahboomcar_ws/install/yahboomcar_mediapipe:/home/jetson/yahboomcar_ros2_ws/yahboomcar_ws/install/yahboomcar_linefollow:/home/jetson/yahboomcar_ros2_ws/yahboomcar_ws/install/yahboomcar_laser:/home/jetson/yahboomcar_ros2_ws/yahboomcar_ws/install/yahboomcar_description_x1:/home/jetson/yahboomcar_ros2_ws/yahboomcar_ws/install/yahboomcar_description:/home/jetson/yahboomcar_ros2_ws/yahboomcar_ws/install/yahboomcar_ctrl:/home/jetson/yahboomcar_ros2_ws/yahboomcar_ws/install/yahboomcar_bringup:/home/jetson/yahboomcar_ros2_ws/yahboomcar_ws/install/yahboomcar_astra:/home/jetson/yahboomcar_ros2_ws/yahboomcar_ws/install/yahboom_app_save_map:/home/jetson/yahboomcar_ros2_ws/yahboomcar_ws/install/laserscan_to_point_pulisher:/opt/ros/humble /usr/bin/cmake /home/jetson/ws/orb-slam2/code/ros2_orbslam2_pointcloud_map/src/orbslam2_pointcloud_ros2 -DCMAKE_BUILD_TYPE=Release -DAMENT_CMAKE_SYMLINK_INSTALL=1 -DCMAKE_INSTALL_PREFIX=/home/jetson/ws/orb-slam2/code/ros2_orbslam2_pointcloud_map/install/orbslam2_pointcloud_ros2[0m
[10.040s] [34mcolcon.colcon_core.event_handler.log_command[0m [1;30mDEBUG[0m [32mInvoking command in '/home/jetson/ws/orb-slam2/code/ros2_orbslam2_pointcloud_map/build/orbslam2_pointcloud_ros2': CMAKE_PREFIX_PATH=${CMAKE_PREFIX_PATH}:/home/jetson/yahboomcar_ros2_ws/yahboomcar_ws/install/yahboomcar_voice_ctrl:/home/jetson/yahboomcar_ros2_ws/yahboomcar_ws/install/yahboomcar_visual:/home/jetson/yahboomcar_ros2_ws/yahboomcar_ws/install/yahboomcar_rviz:/home/jetson/yahboomcar_ros2_ws/yahboomcar_ws/install/yahboomcar_nav:/home/jetson/yahboomcar_ros2_ws/yahboomcar_ws/install/yahboomcar_multi:/home/jetson/yahboomcar_ros2_ws/yahboomcar_ws/install/yahboomcar_mediapipe:/home/jetson/yahboomcar_ros2_ws/yahboomcar_ws/install/yahboomcar_linefollow:/home/jetson/yahboomcar_ros2_ws/yahboomcar_ws/install/yahboomcar_laser:/home/jetson/yahboomcar_ros2_ws/yahboomcar_ws/install/yahboomcar_description_x1:/home/jetson/yahboomcar_ros2_ws/yahboomcar_ws/install/yahboomcar_description:/home/jetson/yahboomcar_ros2_ws/yahboomcar_ws/install/yahboomcar_ctrl:/home/jetson/yahboomcar_ros2_ws/yahboomcar_ws/install/yahboomcar_bringup:/home/jetson/yahboomcar_ros2_ws/yahboomcar_ws/install/yahboomcar_astra:/home/jetson/yahboomcar_ros2_ws/yahboomcar_ws/install/yahboom_app_save_map:/home/jetson/yahboomcar_ros2_ws/yahboomcar_ws/install/laserscan_to_point_pulisher:/opt/ros/humble /usr/bin/cmake --build /home/jetson/ws/orb-slam2/code/ros2_orbslam2_pointcloud_map/build/orbslam2_pointcloud_ros2 -- -j6 -l6[0m
[72.574s] [34mcolcon.colcon_core.event_handler.log_command[0m [1;30mDEBUG[0m [32mInvoked command in '/home/jetson/ws/orb-slam2/code/ros2_orbslam2_pointcloud_map/build/orbslam2_pointcloud_ros2' returned '0': CMAKE_PREFIX_PATH=${CMAKE_PREFIX_PATH}:/home/jetson/yahboomcar_ros2_ws/yahboomcar_ws/install/yahboomcar_voice_ctrl:/home/jetson/yahboomcar_ros2_ws/yahboomcar_ws/install/yahboomcar_visual:/home/jetson/yahboomcar_ros2_ws/yahboomcar_ws/install/yahboomcar_rviz:/home/jetson/yahboomcar_ros2_ws/yahboomcar_ws/install/yahboomcar_nav:/home/jetson/yahboomcar_ros2_ws/yahboomcar_ws/install/yahboomcar_multi:/home/jetson/yahboomcar_ros2_ws/yahboomcar_ws/install/yahboomcar_mediapipe:/home/jetson/yahboomcar_ros2_ws/yahboomcar_ws/install/yahboomcar_linefollow:/home/jetson/yahboomcar_ros2_ws/yahboomcar_ws/install/yahboomcar_laser:/home/jetson/yahboomcar_ros2_ws/yahboomcar_ws/install/yahboomcar_description_x1:/home/jetson/yahboomcar_ros2_ws/yahboomcar_ws/install/yahboomcar_description:/home/jetson/yahboomcar_ros2_ws/yahboomcar_ws/install/yahboomcar_ctrl:/home/jetson/yahboomcar_ros2_ws/yahboomcar_ws/install/yahboomcar_bringup:/home/jetson/yahboomcar_ros2_ws/yahboomcar_ws/install/yahboomcar_astra:/home/jetson/yahboomcar_ros2_ws/yahboomcar_ws/install/yahboom_app_save_map:/home/jetson/yahboomcar_ros2_ws/yahboomcar_ws/install/laserscan_to_point_pulisher:/opt/ros/humble /usr/bin/cmake --build /home/jetson/ws/orb-slam2/code/ros2_orbslam2_pointcloud_map/build/orbslam2_pointcloud_ros2 -- -j6 -l6[0m
[72.609s] [34mcolcon.colcon_core.event_handler.log_command[0m [1;30mDEBUG[0m [32mInvoking command in '/home/jetson/ws/orb-slam2/code/ros2_orbslam2_pointcloud_map/build/orbslam2_pointcloud_ros2': CMAKE_PREFIX_PATH=${CMAKE_PREFIX_PATH}:/home/jetson/yahboomcar_ros2_ws/yahboomcar_ws/install/yahboomcar_voice_ctrl:/home/jetson/yahboomcar_ros2_ws/yahboomcar_ws/install/yahboomcar_visual:/home/jetson/yahboomcar_ros2_ws/yahboomcar_ws/install/yahboomcar_rviz:/home/jetson/yahboomcar_ros2_ws/yahboomcar_ws/install/yahboomcar_nav:/home/jetson/yahboomcar_ros2_ws/yahboomcar_ws/install/yahboomcar_multi:/home/jetson/yahboomcar_ros2_ws/yahboomcar_ws/install/yahboomcar_mediapipe:/home/jetson/yahboomcar_ros2_ws/yahboomcar_ws/install/yahboomcar_linefollow:/home/jetson/yahboomcar_ros2_ws/yahboomcar_ws/install/yahboomcar_laser:/home/jetson/yahboomcar_ros2_ws/yahboomcar_ws/install/yahboomcar_description_x1:/home/jetson/yahboomcar_ros2_ws/yahboomcar_ws/install/yahboomcar_description:/home/jetson/yahboomcar_ros2_ws/yahboomcar_ws/install/yahboomcar_ctrl:/home/jetson/yahboomcar_ros2_ws/yahboomcar_ws/install/yahboomcar_bringup:/home/jetson/yahboomcar_ros2_ws/yahboomcar_ws/install/yahboomcar_astra:/home/jetson/yahboomcar_ros2_ws/yahboomcar_ws/install/yahboom_app_save_map:/home/jetson/yahboomcar_ros2_ws/yahboomcar_ws/install/laserscan_to_point_pulisher:/opt/ros/humble /usr/bin/cmake --install /home/jetson/ws/orb-slam2/code/ros2_orbslam2_pointcloud_map/build/orbslam2_pointcloud_ros2[0m
[73.145s] [34mcolcon.colcon_core.environment[0m [1;30mLevel 1[0m create_environment_scripts_only(orbslam2_pointcloud_ros2)
[73.147s] [34mcolcon.colcon_core.event_handler.log_command[0m [1;30mDEBUG[0m [32mInvoked command in '/home/jetson/ws/orb-slam2/code/ros2_orbslam2_pointcloud_map/build/orbslam2_pointcloud_ros2' returned '0': CMAKE_PREFIX_PATH=${CMAKE_PREFIX_PATH}:/home/jetson/yahboomcar_ros2_ws/yahboomcar_ws/install/yahboomcar_voice_ctrl:/home/jetson/yahboomcar_ros2_ws/yahboomcar_ws/install/yahboomcar_visual:/home/jetson/yahboomcar_ros2_ws/yahboomcar_ws/install/yahboomcar_rviz:/home/jetson/yahboomcar_ros2_ws/yahboomcar_ws/install/yahboomcar_nav:/home/jetson/yahboomcar_ros2_ws/yahboomcar_ws/install/yahboomcar_multi:/home/jetson/yahboomcar_ros2_ws/yahboomcar_ws/install/yahboomcar_mediapipe:/home/jetson/yahboomcar_ros2_ws/yahboomcar_ws/install/yahboomcar_linefollow:/home/jetson/yahboomcar_ros2_ws/yahboomcar_ws/install/yahboomcar_laser:/home/jetson/yahboomcar_ros2_ws/yahboomcar_ws/install/yahboomcar_description_x1:/home/jetson/yahboomcar_ros2_ws/yahboomcar_ws/install/yahboomcar_description:/home/jetson/yahboomcar_ros2_ws/yahboomcar_ws/install/yahboomcar_ctrl:/home/jetson/yahboomcar_ros2_ws/yahboomcar_ws/install/yahboomcar_bringup:/home/jetson/yahboomcar_ros2_ws/yahboomcar_ws/install/yahboomcar_astra:/home/jetson/yahboomcar_ros2_ws/yahboomcar_ws/install/yahboom_app_save_map:/home/jetson/yahboomcar_ros2_ws/yahboomcar_ws/install/laserscan_to_point_pulisher:/opt/ros/humble /usr/bin/cmake --install /home/jetson/ws/orb-slam2/code/ros2_orbslam2_pointcloud_map/build/orbslam2_pointcloud_ros2[0m
[73.169s] [34mcolcon.colcon_core.environment[0m [1;30mLevel 1[0m checking '/home/jetson/ws/orb-slam2/code/ros2_orbslam2_pointcloud_map/install/orbslam2_pointcloud_ros2' for CMake module files
[73.170s] [34mcolcon.colcon_core.environment[0m [1;30mLevel 1[0m checking '/home/jetson/ws/orb-slam2/code/ros2_orbslam2_pointcloud_map/install/orbslam2_pointcloud_ros2' for CMake config files
[73.170s] [34mcolcon.colcon_core.shell[0m [1;30mLevel 1[0m create_environment_hook('orbslam2_pointcloud_ros2', 'cmake_prefix_path')
[73.171s] [34mcolcon.colcon_core.shell[0m [1;30mINFO[0m Creating environment hook '/home/jetson/ws/orb-slam2/code/ros2_orbslam2_pointcloud_map/install/orbslam2_pointcloud_ros2/share/orbslam2_pointcloud_ros2/hook/cmake_prefix_path.ps1'
[73.174s] [34mcolcon.colcon_core.shell[0m [1;30mINFO[0m Creating environment descriptor '/home/jetson/ws/orb-slam2/code/ros2_orbslam2_pointcloud_map/install/orbslam2_pointcloud_ros2/share/orbslam2_pointcloud_ros2/hook/cmake_prefix_path.dsv'
[73.175s] [34mcolcon.colcon_core.shell[0m [1;30mINFO[0m Creating environment hook '/home/jetson/ws/orb-slam2/code/ros2_orbslam2_pointcloud_map/install/orbslam2_pointcloud_ros2/share/orbslam2_pointcloud_ros2/hook/cmake_prefix_path.sh'
[73.177s] [34mcolcon.colcon_core.environment[0m [1;30mLevel 1[0m checking '/home/jetson/ws/orb-slam2/code/ros2_orbslam2_pointcloud_map/install/orbslam2_pointcloud_ros2/lib'
[73.178s] [34mcolcon.colcon_core.environment[0m [1;30mLevel 1[0m checking '/home/jetson/ws/orb-slam2/code/ros2_orbslam2_pointcloud_map/install/orbslam2_pointcloud_ros2/bin'
[73.178s] [34mcolcon.colcon_core.environment[0m [1;30mLevel 1[0m checking '/home/jetson/ws/orb-slam2/code/ros2_orbslam2_pointcloud_map/install/orbslam2_pointcloud_ros2/lib/pkgconfig/orbslam2_pointcloud_ros2.pc'
[73.178s] [34mcolcon.colcon_core.environment[0m [1;30mLevel 1[0m checking '/home/jetson/ws/orb-slam2/code/ros2_orbslam2_pointcloud_map/install/orbslam2_pointcloud_ros2/lib/python3.10/site-packages'
[73.179s] [34mcolcon.colcon_core.environment[0m [1;30mLevel 1[0m checking '/home/jetson/ws/orb-slam2/code/ros2_orbslam2_pointcloud_map/install/orbslam2_pointcloud_ros2/bin'
[73.179s] [34mcolcon.colcon_core.shell[0m [1;30mINFO[0m Creating package script '/home/jetson/ws/orb-slam2/code/ros2_orbslam2_pointcloud_map/install/orbslam2_pointcloud_ros2/share/orbslam2_pointcloud_ros2/package.ps1'
[73.182s] [34mcolcon.colcon_core.shell[0m [1;30mINFO[0m Creating package descriptor '/home/jetson/ws/orb-slam2/code/ros2_orbslam2_pointcloud_map/install/orbslam2_pointcloud_ros2/share/orbslam2_pointcloud_ros2/package.dsv'
[73.183s] [34mcolcon.colcon_core.shell[0m [1;30mINFO[0m Creating package script '/home/jetson/ws/orb-slam2/code/ros2_orbslam2_pointcloud_map/install/orbslam2_pointcloud_ros2/share/orbslam2_pointcloud_ros2/package.sh'
[73.185s] [34mcolcon.colcon_core.shell[0m [1;30mINFO[0m Creating package script '/home/jetson/ws/orb-slam2/code/ros2_orbslam2_pointcloud_map/install/orbslam2_pointcloud_ros2/share/orbslam2_pointcloud_ros2/package.bash'
[73.187s] [34mcolcon.colcon_core.shell[0m [1;30mINFO[0m Creating package script '/home/jetson/ws/orb-slam2/code/ros2_orbslam2_pointcloud_map/install/orbslam2_pointcloud_ros2/share/orbslam2_pointcloud_ros2/package.zsh'
[73.189s] [34mcolcon.colcon_core.environment[0m [1;30mLevel 1[0m create_file_with_runtime_dependencies(/home/jetson/ws/orb-slam2/code/ros2_orbslam2_pointcloud_map/install/orbslam2_pointcloud_ros2/share/colcon-core/packages/orbslam2_pointcloud_ros2)
[73.191s] [34mcolcon.colcon_core.environment[0m [1;30mLevel 1[0m create_environment_scripts_only(orbslam2_pointcloud_ros2)
[73.191s] [34mcolcon.colcon_core.environment[0m [1;30mLevel 1[0m checking '/home/jetson/ws/orb-slam2/code/ros2_orbslam2_pointcloud_map/install/orbslam2_pointcloud_ros2' for CMake module files
[73.192s] [34mcolcon.colcon_core.environment[0m [1;30mLevel 1[0m checking '/home/jetson/ws/orb-slam2/code/ros2_orbslam2_pointcloud_map/install/orbslam2_pointcloud_ros2' for CMake config files
[73.193s] [34mcolcon.colcon_core.shell[0m [1;30mLevel 1[0m create_environment_hook('orbslam2_pointcloud_ros2', 'cmake_prefix_path')
[73.193s] [34mcolcon.colcon_core.shell[0m [1;30mINFO[0m Creating environment hook '/home/jetson/ws/orb-slam2/code/ros2_orbslam2_pointcloud_map/install/orbslam2_pointcloud_ros2/share/orbslam2_pointcloud_ros2/hook/cmake_prefix_path.ps1'
[73.194s] [34mcolcon.colcon_core.shell[0m [1;30mINFO[0m Creating environment descriptor '/home/jetson/ws/orb-slam2/code/ros2_orbslam2_pointcloud_map/install/orbslam2_pointcloud_ros2/share/orbslam2_pointcloud_ros2/hook/cmake_prefix_path.dsv'
[73.195s] [34mcolcon.colcon_core.shell[0m [1;30mINFO[0m Creating environment hook '/home/jetson/ws/orb-slam2/code/ros2_orbslam2_pointcloud_map/install/orbslam2_pointcloud_ros2/share/orbslam2_pointcloud_ros2/hook/cmake_prefix_path.sh'
[73.196s] [34mcolcon.colcon_core.environment[0m [1;30mLevel 1[0m checking '/home/jetson/ws/orb-slam2/code/ros2_orbslam2_pointcloud_map/install/orbslam2_pointcloud_ros2/lib'
[73.197s] [34mcolcon.colcon_core.environment[0m [1;30mLevel 1[0m checking '/home/jetson/ws/orb-slam2/code/ros2_orbslam2_pointcloud_map/install/orbslam2_pointcloud_ros2/bin'
[73.197s] [34mcolcon.colcon_core.environment[0m [1;30mLevel 1[0m checking '/home/jetson/ws/orb-slam2/code/ros2_orbslam2_pointcloud_map/install/orbslam2_pointcloud_ros2/lib/pkgconfig/orbslam2_pointcloud_ros2.pc'
[73.197s] [34mcolcon.colcon_core.environment[0m [1;30mLevel 1[0m checking '/home/jetson/ws/orb-slam2/code/ros2_orbslam2_pointcloud_map/install/orbslam2_pointcloud_ros2/lib/python3.10/site-packages'
[73.198s] [34mcolcon.colcon_core.environment[0m [1;30mLevel 1[0m checking '/home/jetson/ws/orb-slam2/code/ros2_orbslam2_pointcloud_map/install/orbslam2_pointcloud_ros2/bin'
[73.198s] [34mcolcon.colcon_core.shell[0m [1;30mINFO[0m Creating package script '/home/jetson/ws/orb-slam2/code/ros2_orbslam2_pointcloud_map/install/orbslam2_pointcloud_ros2/share/orbslam2_pointcloud_ros2/package.ps1'
[73.200s] [34mcolcon.colcon_core.shell[0m [1;30mINFO[0m Creating package descriptor '/home/jetson/ws/orb-slam2/code/ros2_orbslam2_pointcloud_map/install/orbslam2_pointcloud_ros2/share/orbslam2_pointcloud_ros2/package.dsv'
[73.201s] [34mcolcon.colcon_core.shell[0m [1;30mINFO[0m Creating package script '/home/jetson/ws/orb-slam2/code/ros2_orbslam2_pointcloud_map/install/orbslam2_pointcloud_ros2/share/orbslam2_pointcloud_ros2/package.sh'
[73.202s] [34mcolcon.colcon_core.shell[0m [1;30mINFO[0m Creating package script '/home/jetson/ws/orb-slam2/code/ros2_orbslam2_pointcloud_map/install/orbslam2_pointcloud_ros2/share/orbslam2_pointcloud_ros2/package.bash'
[73.203s] [34mcolcon.colcon_core.shell[0m [1;30mINFO[0m Creating package script '/home/jetson/ws/orb-slam2/code/ros2_orbslam2_pointcloud_map/install/orbslam2_pointcloud_ros2/share/orbslam2_pointcloud_ros2/package.zsh'
[73.204s] [34mcolcon.colcon_core.environment[0m [1;30mLevel 1[0m create_file_with_runtime_dependencies(/home/jetson/ws/orb-slam2/code/ros2_orbslam2_pointcloud_map/install/orbslam2_pointcloud_ros2/share/colcon-core/packages/orbslam2_pointcloud_ros2)
[73.204s] [34mcolcon.colcon_parallel_executor.executor.parallel[0m [1;30mDEBUG[0m [32mclosing loop[0m
[73.205s] [34mcolcon.colcon_parallel_executor.executor.parallel[0m [1;30mDEBUG[0m [32mloop closed[0m
[73.205s] [34mcolcon.colcon_parallel_executor.executor.parallel[0m [1;30mDEBUG[0m [32mrun_until_complete finished with '0'[0m
[73.206s] [34mcolcon.colcon_core.event_reactor[0m [1;30mDEBUG[0m [32mjoining thread[0m
[73.232s] [34mcolcon.colcon_core.plugin_system[0m [1;30mINFO[0m Skipping extension 'colcon_notification.desktop_notification.terminal_notifier': Not used on non-Darwin systems
[73.232s] [34mcolcon.colcon_core.plugin_system[0m [1;30mINFO[0m Skipping extension 'colcon_notification.desktop_notification.win32': Not used on non-Windows systems
[73.232s] [34mcolcon.colcon_notification.desktop_notification[0m [1;30mINFO[0m Sending desktop notification using 'notify2'
[73.390s] [34mcolcon.colcon_core.event_reactor[0m [1;30mDEBUG[0m [32mjoined thread[0m
[73.391s] [34mcolcon.colcon_core.shell[0m [1;30mINFO[0m Creating prefix script '/home/jetson/ws/orb-slam2/code/ros2_orbslam2_pointcloud_map/install/local_setup.ps1'
[73.393s] [34mcolcon.colcon_core.shell[0m [1;30mINFO[0m Creating prefix util module '/home/jetson/ws/orb-slam2/code/ros2_orbslam2_pointcloud_map/install/_local_setup_util_ps1.py'
[73.398s] [34mcolcon.colcon_core.shell[0m [1;30mINFO[0m Creating prefix chain script '/home/jetson/ws/orb-slam2/code/ros2_orbslam2_pointcloud_map/install/setup.ps1'
[73.406s] [34mcolcon.colcon_core.shell[0m [1;30mINFO[0m Creating prefix script '/home/jetson/ws/orb-slam2/code/ros2_orbslam2_pointcloud_map/install/local_setup.sh'
[73.408s] [34mcolcon.colcon_core.shell[0m [1;30mINFO[0m Creating prefix util module '/home/jetson/ws/orb-slam2/code/ros2_orbslam2_pointcloud_map/install/_local_setup_util_sh.py'
[73.409s] [34mcolcon.colcon_core.shell[0m [1;30mINFO[0m Creating prefix chain script '/home/jetson/ws/orb-slam2/code/ros2_orbslam2_pointcloud_map/install/setup.sh'
[73.417s] [34mcolcon.colcon_core.shell[0m [1;30mINFO[0m Creating prefix script '/home/jetson/ws/orb-slam2/code/ros2_orbslam2_pointcloud_map/install/local_setup.bash'
[73.419s] [34mcolcon.colcon_core.shell[0m [1;30mINFO[0m Creating prefix chain script '/home/jetson/ws/orb-slam2/code/ros2_orbslam2_pointcloud_map/install/setup.bash'
[73.426s] [34mcolcon.colcon_core.shell[0m [1;30mINFO[0m Creating prefix script '/home/jetson/ws/orb-slam2/code/ros2_orbslam2_pointcloud_map/install/local_setup.zsh'
[73.428s] [34mcolcon.colcon_core.shell[0m [1;30mINFO[0m Creating prefix chain script '/home/jetson/ws/orb-slam2/code/ros2_orbslam2_pointcloud_map/install/setup.zsh'
